
  [33;1ms[39;22m[90;1m.[39;22m[33;1ms[39;22m[33;1ms[39;22m[90;1m.[39;22m[90;1m.[39;22m[90;1m.[39;22m[90;1m.[39;22m[90;1m.[39;22m[90;1m.[39;22m[90;1m.[39;22m[90;1m.[39;22m[90;1m.[39;22m[90;1m.[39;22m[90;1m.[39;22m[90;1m.[39;22m[90;1m.[39;22m[90;1m.[39;22m[90;1m.[39;22m[90;1m.[39;22m[90;1m.[39;22m[90;1m.[39;22m[90;1m.[39;22m[90;1m.[39;22m[90;1m.[39;22m[90;1m.[39;22m[90;1m.[39;22m[90;1m.[39;22m[90;1m.[39;22m[90;1m.[39;22m[90;1m.[39;22m[90;1m.[39;22m[90;1m.[39;22m[90;1m.[39;22m[90;1m.[39;22m[90;1m.[39;22m[90;1m.[39;22m[90;1m.[39;22m[90;1m.[39;22m[90;1m.[39;22m[90;1m.[39;22m[90;1m.[39;22m[90;1m.[39;22m[90;1m.[39;22m[90;1m.[39;22m[90;1m.[39;22m[90;1m.[39;22m[90;1m.[39;22m[90;1m.[39;22m[90;1m.[39;22m[90;1m.[39;22m[90;1m.[39;22m[90;1m.[39;22m[90;1m.[39;22m[90;1m.[39;22m[90;1m.[39;22m[90;1m.[39;22m[90;1m.[39;22m[90;1m.[39;22m[90;1m.[39;22m[90;1m.[39;22m[90;1m.[39;22m[90;1m.[39;22m[90;1m.[39;22m[90;1m.[39;22m[90;1m.[39;22m[90;1m.[39;22m[90;1m.[39;22m[90;1m.[39;22m[90;1m.[39;22m[90;1m.[39;22m[90;1m.[39;22m[90;1m.[39;22m[90;1m.[39;22m[90;1m.[39;22m[90;1m.[39;22m
  [90;1m.[39;22m[90;1m.[39;22m[90;1m.[39;22m[90;1m.[39;22m[90;1m.[39;22m[90;1m.[39;22m[90;1m.[39;22m[90;1m.[39;22m[90;1m.[39;22m[90;1m.[39;22m[90;1m.[39;22m[90;1m.[39;22m[33;1ms[39;22m[90;1m.[39;22m[90;1m.[39;22m[90;1m.[39;22m[90;1m.[39;22m[33;1ms[39;22m[90;1m.[39;22m[90;1m.[39;22m[90;1m.[39;22m[90;1m.[39;22m[90;1m.[39;22m[90;1m.[39;22m[90;1m.[39;22m[90;1m.[39;22m[90;1m.[39;22m[90;1m.[39;22m[90;1m.[39;22m[90;1m.[39;22m[90;1m.[39;22m[90;1m.[39;22m[90;1m.[39;22m[90;1m.[39;22m[90;1m.[39;22m[90;1m.[39;22m[90;1m.[39;22m[90;1m.[39;22m[90;1m.[39;22m[90;1m.[39;22m[90;1m.[39;22m[90;1m.[39;22m[90;1m.[39;22m[90;1m.[39;22m[90;1m.[39;22m[90;1m.[39;22m[90;1m.[39;22m[90;1m.[39;22m[90;1m.[39;22m[90;1m.[39;22m[90;1m.[39;22m[90;1m.[39;22m[90;1m.[39;22m[90;1m.[39;22m[90;1m.[39;22m[90;1m.[39;22m[90;1m.[39;22m[90;1m.[39;22m[90;1m.[39;22m[90;1m.[39;22m[90;1m.[39;22m[90;1m.[39;22m[90;1m.[39;22m[90;1m.[39;22m[90;1m.[39;22m[90;1m.[39;22m[90;1m.[39;22m[90;1m.[39;22m[90;1m.[39;22m[90;1m.[39;22m[33;1ms[39;22m[33;1ms[39;22m[90;1m.[39;22m[90;1m.[39;22m[90;1m.[39;22m[90;1m.[39;22m
  [90;1m.[39;22m[90;1m.[39;22m[90;1m.[39;22m[33;1ms[39;22m[33;1ms[39;22m[90;1m.[39;22m[90;1m.[39;22m[90;1m.[39;22m[33;1ms[39;22m[90;1m.[39;22m[90;1m.[39;22m[90;1m.[39;22m[90;1m.[39;22m[90;1m.[39;22m[90;1m.[39;22m[90;1m.[39;22m[90;1m.[39;22m[90;1m.[39;22m[90;1m.[39;22m[90;1m.[39;22m[90;1m.[39;22m[90;1m.[39;22m[90;1m.[39;22m[90;1m.[39;22m[90;1m.[39;22m[90;1m.[39;22m[90;1m.[39;22m[90;1m.[39;22m[90;1m.[39;22m[90;1m.[39;22m[90;1m.[39;22m[90;1m.[39;22m[90;1m.[39;22m[90;1m.[39;22m[90;1m.[39;22m[90;1m.[39;22m[90;1m.[39;22m[90;1m.[39;22m[90;1m.[39;22m[90;1m.[39;22m[90;1m.[39;22m[90;1m.[39;22m[90;1m.[39;22m[90;1m.[39;22m[90;1m.[39;22m[90;1m.[39;22m[90;1m.[39;22m[90;1m.[39;22m[90;1m.[39;22m[90;1m.[39;22m[90;1m.[39;22m[90;1m.[39;22m[90;1m.[39;22m[90;1m.[39;22m[90;1m.[39;22m[90;1m.[39;22m[90;1m.[39;22m[90;1m.[39;22m[90;1m.[39;22m[90;1m.[39;22m[90;1m.[39;22m[90;1m.[39;22m[90;1m.[39;22m[33;1ms[39;22m[33;1ms[39;22m[90;1m.[39;22m[90;1m.[39;22m[33;1ms[39;22m[90;1m.[39;22m[90;1m.[39;22m[90;1m.[39;22m[90;1m.[39;22m[90;1m.[39;22m[90;1m.[39;22m[90;1m.[39;22m[90;1m.[39;22m
  [90;1m.[39;22m[90;1m.[39;22m[90;1m.[39;22m[90;1m.[39;22m[90;1m.[39;22m[90;1m.[39;22m[90;1m.[39;22m[90;1m.[39;22m[90;1m.[39;22m[90;1m.[39;22m[90;1m.[39;22m[90;1m.[39;22m[90;1m.[39;22m[90;1m.[39;22m[90;1m.[39;22m[90;1m.[39;22m[90;1m.[39;22m[90;1m.[39;22m[90;1m.[39;22m[90;1m.[39;22m[90;1m.[39;22m[90;1m.[39;22m[90;1m.[39;22m[90;1m.[39;22m[90;1m.[39;22m[90;1m.[39;22m[90;1m.[39;22m[90;1m.[39;22m[90;1m.[39;22m[90;1m.[39;22m[90;1m.[39;22m[90;1m.[39;22m[90;1m.[39;22m[33;1ms[39;22m[33;1ms[39;22m[33;1ms[39;22m[33;1ms[39;22m[33;1ms[39;22m[33;1ms[39;22m[33;1ms[39;22m[90;1m.[39;22m[90;1m.[39;22m[90;1m.[39;22m[90;1m.[39;22m[90;1m.[39;22m[90;1m.[39;22m[90;1m.[39;22m[90;1m.[39;22m[33;1ms[39;22m[90;1m.[39;22m[90;1m.[39;22m[90;1m.[39;22m[90;1m.[39;22m[90;1m.[39;22m[90;1m.[39;22m[90;1m.[39;22m[90;1m.[39;22m[90;1m.[39;22m[90;1m.[39;22m[90;1m.[39;22m[90;1m.[39;22m[90;1m.[39;22m[90;1m.[39;22m[90;1m.[39;22m[90;1m.[39;22m[90;1m.[39;22m[90;1m.[39;22m[90;1m.[39;22m[90;1m.[39;22m[90;1m.[39;22m[90;1m.[39;22m[90;1m.[39;22m[90;1m.[39;22m[90;1m.[39;22m[90;1m.[39;22m[90;1m.[39;22m
  [90;1m.[39;22m[90;1m.[39;22m[90;1m.[39;22m[90;1m.[39;22m[90;1m.[39;22m[90;1m.[39;22m[90;1m.[39;22m[90;1m.[39;22m[90;1m.[39;22m[90;1m.[39;22m[90;1m.[39;22m[90;1m.[39;22m[90;1m.[39;22m[90;1m.[39;22m[90;1m.[39;22m[90;1m.[39;22m[90;1m.[39;22m[90;1m.[39;22m[90;1m.[39;22m[90;1m.[39;22m[90;1m.[39;22m[90;1m.[39;22m[90;1m.[39;22m[90;1m.[39;22m[90;1m.[39;22m[90;1m.[39;22m[90;1m.[39;22m[90;1m.[39;22m[90;1m.[39;22m[90;1m.[39;22m[90;1m.[39;22m[90;1m.[39;22m[90;1m.[39;22m[90;1m.[39;22m[90;1m.[39;22m[90;1m.[39;22m[90;1m.[39;22m[90;1m.[39;22m[90;1m.[39;22m[90;1m.[39;22m[90;1m.[39;22m[90;1m.[39;22m[90;1m.[39;22m[90;1m.[39;22m[33;1ms[39;22m[90;1m.[39;22m[90;1m.[39;22m[90;1m.[39;22m[90;1m.[39;22m[90;1m.[39;22m[90;1m.[39;22m[90;1m.[39;22m[90;1m.[39;22m[90;1m.[39;22m[90;1m.[39;22m[90;1m.[39;22m[90;1m.[39;22m[90;1m.[39;22m[90;1m.[39;22m[90;1m.[39;22m[90;1m.[39;22m[90;1m.[39;22m[90;1m.[39;22m[90;1m.[39;22m[90;1m.[39;22m[90;1m.[39;22m[90;1m.[39;22m[90;1m.[39;22m[90;1m.[39;22m[90;1m.[39;22m[90;1m.[39;22m[90;1m.[39;22m[90;1m.[39;22m[90;1m.[39;22m[90;1m.[39;22m[90;1m.[39;22m
  [90;1m.[39;22m[90;1m.[39;22m[90;1m.[39;22m[90;1m.[39;22m[90;1m.[39;22m[90;1m.[39;22m[90;1m.[39;22m[90;1m.[39;22m[90;1m.[39;22m[33;1ms[39;22m[90;1m.[39;22m[90;1m.[39;22m[90;1m.[39;22m[90;1m.[39;22m[90;1m.[39;22m[90;1m.[39;22m[90;1m.[39;22m[90;1m.[39;22m[90;1m.[39;22m[90;1m.[39;22m[90;1m.[39;22m[90;1m.[39;22m[90;1m.[39;22m[90;1m.[39;22m[90;1m.[39;22m[90;1m.[39;22m[90;1m.[39;22m[90;1m.[39;22m[90;1m.[39;22m[90;1m.[39;22m[90;1m.[39;22m[90;1m.[39;22m[90;1m.[39;22m[90;1m.[39;22m[90;1m.[39;22m[90;1m.[39;22m[90;1m.[39;22m[90;1m.[39;22m[90;1m.[39;22m[90;1m.[39;22m[90;1m.[39;22m[90;1m.[39;22m[90;1m.[39;22m[90;1m.[39;22m[90;1m.[39;22m[90;1m.[39;22m[90;1m.[39;22m[90;1m.[39;22m[90;1m.[39;22m[90;1m.[39;22m[90;1m.[39;22m[90;1m.[39;22m[90;1m.[39;22m[90;1m.[39;22m[90;1m.[39;22m[90;1m.[39;22m[90;1m.[39;22m[90;1m.[39;22m[33;1ms[39;22m[33;1ms[39;22m[33;1ms[39;22m[33;1ms[39;22m[33;1ms[39;22m[33;1ms[39;22m[33;1ms[39;22m[33;1ms[39;22m[33;1ms[39;22m[33;1ms[39;22m[33;1ms[39;22m[33;1ms[39;22m[33;1ms[39;22m[33;1ms[39;22m[33;1ms[39;22m[90;1m.[39;22m[90;1m.[39;22m[90;1m.[39;22m
  [90;1m.[39;22m[90;1m.[39;22m[90;1m.[39;22m[90;1m.[39;22m[90;1m.[39;22m[90;1m.[39;22m[90;1m.[39;22m[90;1m.[39;22m[90;1m.[39;22m[90;1m.[39;22m[90;1m.[39;22m[90;1m.[39;22m[90;1m.[39;22m[90;1m.[39;22m[90;1m.[39;22m[90;1m.[39;22m[90;1m.[39;22m[90;1m.[39;22m[90;1m.[39;22m[90;1m.[39;22m[90;1m.[39;22m[90;1m.[39;22m[90;1m.[39;22m[90;1m.[39;22m[90;1m.[39;22m[90;1m.[39;22m[90;1m.[39;22m[90;1m.[39;22m[90;1m.[39;22m[90;1m.[39;22m[90;1m.[39;22m[90;1m.[39;22m[90;1m.[39;22m[90;1m.[39;22m[90;1m.[39;22m[90;1m.[39;22m[90;1m.[39;22m[90;1m.[39;22m[90;1m.[39;22m[90;1m.[39;22m[90;1m.[39;22m[90;1m.[39;22m[90;1m.[39;22m[90;1m.[39;22m[90;1m.[39;22m[90;1m.[39;22m[90;1m.[39;22m[90;1m.[39;22m[90;1m.[39;22m[90;1m.[39;22m[33;1ms[39;22m[33;1ms[39;22m[33;1ms[39;22m[33;1ms[39;22m[33;1ms[39;22m[33;1ms[39;22m[33;1ms[39;22m[33;1ms[39;22m[33;1ms[39;22m[33;1ms[39;22m[33;1ms[39;22m[33;1ms[39;22m[33;1ms[39;22m[33;1ms[39;22m[33;1ms[39;22m[33;1ms[39;22m[33;1ms[39;22m[33;1ms[39;22m[33;1ms[39;22m[33;1ms[39;22m[33;1ms[39;22m[33;1ms[39;22m[33;1ms[39;22m[33;1ms[39;22m[33;1ms[39;22m[33;1ms[39;22m
  [33;1ms[39;22m[33;1ms[39;22m[33;1ms[39;22m[33;1ms[39;22m[33;1ms[39;22m[33;1ms[39;22m[33;1ms[39;22m[90;1m.[39;22m[90;1m.[39;22m[90;1m.[39;22m[90;1m.[39;22m[90;1m.[39;22m[90;1m.[39;22m[90;1m.[39;22m[90;1m.[39;22m[90;1m.[39;22m[90;1m.[39;22m[90;1m.[39;22m[90;1m.[39;22m[33;1ms[39;22m[33;1ms[39;22m[33;1ms[39;22m[33;1ms[39;22m[33;1ms[39;22m[33;1ms[39;22m[33;1ms[39;22m[33;1ms[39;22m[33;1ms[39;22m[33;1ms[39;22m[33;1ms[39;22m[33;1ms[39;22m[33;1ms[39;22m[33;1ms[39;22m[33;1ms[39;22m[33;1ms[39;22m[33;1ms[39;22m[33;1ms[39;22m[33;1ms[39;22m[33;1ms[39;22m[33;1ms[39;22m[33;1ms[39;22m[33;1ms[39;22m[33;1ms[39;22m[33;1ms[39;22m[33;1ms[39;22m[33;1ms[39;22m[33;1ms[39;22m[33;1ms[39;22m[33;1ms[39;22m[33;1ms[39;22m[33;1ms[39;22m[33;1ms[39;22m[33;1ms[39;22m[33;1ms[39;22m[33;1ms[39;22m[90;1m.[39;22m[90;1m.[39;22m[90;1m.[39;22m[90;1m.[39;22m[90;1m.[39;22m[90;1m.[39;22m[90;1m.[39;22m[90;1m.[39;22m[90;1m.[39;22m[90;1m.[39;22m[90;1m.[39;22m[90;1m.[39;22m[90;1m.[39;22m[90;1m.[39;22m[90;1m.[39;22m[90;1m.[39;22m[90;1m.[39;22m[90;1m.[39;22m[90;1m.[39;22m[90;1m.[39;22m[90;1m.[39;22m
  [90;1m.[39;22m[90;1m.[39;22m[90;1m.[39;22m[90;1m.[39;22m[90;1m.[39;22m[90;1m.[39;22m[90;1m.[39;22m[90;1m.[39;22m[90;1m.[39;22m[90;1m.[39;22m[90;1m.[39;22m[90;1m.[39;22m[90;1m.[39;22m[90;1m.[39;22m[90;1m.[39;22m[90;1m.[39;22m[90;1m.[39;22m[90;1m.[39;22m[90;1m.[39;22m[90;1m.[39;22m[90;1m.[39;22m[90;1m.[39;22m[90;1m.[39;22m[90;1m.[39;22m[90;1m.[39;22m[90;1m.[39;22m[90;1m.[39;22m[90;1m.[39;22m[90;1m.[39;22m[90;1m.[39;22m[90;1m.[39;22m[90;1m.[39;22m[90;1m.[39;22m[90;1m.[39;22m[90;1m.[39;22m[90;1m.[39;22m[90;1m.[39;22m[90;1m.[39;22m[90;1m.[39;22m[90;1m.[39;22m[90;1m.[39;22m[90;1m.[39;22m[90;1m.[39;22m[90;1m.[39;22m[90;1m.[39;22m[90;1m.[39;22m[90;1m.[39;22m[90;1m.[39;22m[90;1m.[39;22m[90;1m.[39;22m[90;1m.[39;22m[90;1m.[39;22m[90;1m.[39;22m[90;1m.[39;22m[90;1m.[39;22m[90;1m.[39;22m[90;1m.[39;22m[90;1m.[39;22m[90;1m.[39;22m[90;1m.[39;22m[90;1m.[39;22m[90;1m.[39;22m[90;1m.[39;22m[90;1m.[39;22m[90;1m.[39;22m[90;1m.[39;22m[90;1m.[39;22m[90;1m.[39;22m[90;1m.[39;22m[90;1m.[39;22m[90;1m.[39;22m[90;1m.[39;22m[90;1m.[39;22m[90;1m.[39;22m[90;1m.[39;22m[90;1m.[39;22m
  [90;1m.[39;22m[90;1m.[39;22m[90;1m.[39;22m[90;1m.[39;22m[90;1m.[39;22m[90;1m.[39;22m[90;1m.[39;22m[90;1m.[39;22m[90;1m.[39;22m[90;1m.[39;22m[90;1m.[39;22m[90;1m.[39;22m[90;1m.[39;22m[90;1m.[39;22m[90;1m.[39;22m[90;1m.[39;22m[90;1m.[39;22m[90;1m.[39;22m[90;1m.[39;22m[90;1m.[39;22m[90;1m.[39;22m[90;1m.[39;22m[90;1m.[39;22m[90;1m.[39;22m[90;1m.[39;22m[90;1m.[39;22m[33;1ms[39;22m[33;1ms[39;22m[33;1ms[39;22m[33;1ms[39;22m[33;1ms[39;22m[33;1ms[39;22m[33;1ms[39;22m[33;1ms[39;22m[33;1ms[39;22m[33;1ms[39;22m[33;1ms[39;22m[33;1ms[39;22m[33;1ms[39;22m[33;1ms[39;22m[33;1ms[39;22m[33;1ms[39;22m[33;1ms[39;22m[33;1ms[39;22m[33;1ms[39;22m[33;1ms[39;22m[33;1ms[39;22m[33;1ms[39;22m[33;1ms[39;22m[33;1ms[39;22m[90;1m.[39;22m[90;1m.[39;22m[90;1m.[39;22m[90;1m.[39;22m[90;1m.[39;22m[90;1m.[39;22m[90;1m.[39;22m[90;1m.[39;22m[90;1m.[39;22m[90;1m.[39;22m[90;1m.[39;22m[90;1m.[39;22m[90;1m.[39;22m[90;1m.[39;22m[90;1m.[39;22m[90;1m.[39;22m[90;1m.[39;22m[90;1m.[39;22m[90;1m.[39;22m[90;1m.[39;22m[90;1m.[39;22m[90;1m.[39;22m[90;1m.[39;22m[90;1m.[39;22m[90;1m.[39;22m[90;1m.[39;22m
  [90;1m.[39;22m[90;1m.[39;22m[90;1m.[39;22m[90;1m.[39;22m[90;1m.[39;22m[90;1m.[39;22m[90;1m.[39;22m[90;1m.[39;22m[90;1m.[39;22m[90;1m.[39;22m[90;1m.[39;22m[90;1m.[39;22m[90;1m.[39;22m[90;1m.[39;22m[90;1m.[39;22m[90;1m.[39;22m[90;1m.[39;22m[90;1m.[39;22m[90;1m.[39;22m[90;1m.[39;22m[90;1m.[39;22m[90;1m.[39;22m[90;1m.[39;22m[90;1m.[39;22m[90;1m.[39;22m[90;1m.[39;22m[90;1m.[39;22m[90;1m.[39;22m[90;1m.[39;22m[90;1m.[39;22m[90;1m.[39;22m[90;1m.[39;22m[90;1m.[39;22m[90;1m.[39;22m[90;1m.[39;22m[90;1m.[39;22m[90;1m.[39;22m[90;1m.[39;22m[90;1m.[39;22m[90;1m.[39;22m[90;1m.[39;22m[90;1m.[39;22m[90;1m.[39;22m[90;1m.[39;22m[90;1m.[39;22m[90;1m.[39;22m[90;1m.[39;22m[90;1m.[39;22m[90;1m.[39;22m[90;1m.[39;22m[90;1m.[39;22m[90;1m.[39;22m[90;1m.[39;22m[90;1m.[39;22m[90;1m.[39;22m[90;1m.[39;22m[90;1m.[39;22m[90;1m.[39;22m[90;1m.[39;22m[90;1m.[39;22m[90;1m.[39;22m[90;1m.[39;22m[90;1m.[39;22m[90;1m.[39;22m[90;1m.[39;22m[90;1m.[39;22m[90;1m.[39;22m[90;1m.[39;22m[90;1m.[39;22m[90;1m.[39;22m[90;1m.[39;22m[90;1m.[39;22m[90;1m.[39;22m[90;1m.[39;22m[90;1m.[39;22m[90;1m.[39;22m
  [90;1m.[39;22m[90;1m.[39;22m[90;1m.[39;22m[90;1m.[39;22m[90;1m.[39;22m[90;1m.[39;22m[90;1m.[39;22m[90;1m.[39;22m[90;1m.[39;22m[90;1m.[39;22m[90;1m.[39;22m[90;1m.[39;22m[90;1m.[39;22m[90;1m.[39;22m[90;1m.[39;22m[90;1m.[39;22m[90;1m.[39;22m[90;1m.[39;22m[90;1m.[39;22m[90;1m.[39;22m[90;1m.[39;22m[90;1m.[39;22m[90;1m.[39;22m[90;1m.[39;22m[90;1m.[39;22m[90;1m.[39;22m[90;1m.[39;22m[90;1m.[39;22m[90;1m.[39;22m[90;1m.[39;22m[90;1m.[39;22m[90;1m.[39;22m[90;1m.[39;22m[90;1m.[39;22m[90;1m.[39;22m[90;1m.[39;22m[90;1m.[39;22m[90;1m.[39;22m[90;1m.[39;22m[90;1m.[39;22m[90;1m.[39;22m[90;1m.[39;22m[90;1m.[39;22m[90;1m.[39;22m[33;1ms[39;22m[90;1m.[39;22m[33;1ms[39;22m[33;1ms[39;22m[33;1ms[39;22m[33;1ms[39;22m[90;1m.[39;22m[90;1m.[39;22m[90;1m.[39;22m[90;1m.[39;22m[90;1m.[39;22m[90;1m.[39;22m[90;1m.[39;22m[90;1m.[39;22m[90;1m.[39;22m[90;1m.[39;22m[90;1m.[39;22m[90;1m.[39;22m[90;1m.[39;22m[90;1m.[39;22m[90;1m.[39;22m[90;1m.[39;22m[90;1m.[39;22m[90;1m.[39;22m[90;1m.[39;22m[90;1m.[39;22m[90;1m.[39;22m[90;1m.[39;22m[90;1m.[39;22m[90;1m.[39;22m[90;1m.[39;22m[90;1m.[39;22m
  [90;1m.[39;22m[90;1m.[39;22m[90;1m.[39;22m[90;1m.[39;22m[90;1m.[39;22m[90;1m.[39;22m[90;1m.[39;22m[90;1m.[39;22m[90;1m.[39;22m[90;1m.[39;22m[90;1m.[39;22m[90;1m.[39;22m[90;1m.[39;22m[90;1m.[39;22m[90;1m.[39;22m[90;1m.[39;22m[90;1m.[39;22m[90;1m.[39;22m[90;1m.[39;22m[90;1m.[39;22m[33;1ms[39;22m[33;1ms[39;22m[33;1ms[39;22m[90;1m.[39;22m[33;1ms[39;22m[33;1ms[39;22m[33;1ms[39;22m[90;1m.[39;22m[33;1ms[39;22m[33;1ms[39;22m[90;1m.[39;22m[33;1ms[39;22m[90;1m.[39;22m[90;1m.[39;22m[90;1m.[39;22m[90;1m.[39;22m[90;1m.[39;22m[90;1m.[39;22m[90;1m.[39;22m[90;1m.[39;22m[90;1m.[39;22m[90;1m.[39;22m[90;1m.[39;22m[90;1m.[39;22m[90;1m.[39;22m[90;1m.[39;22m[90;1m.[39;22m[90;1m.[39;22m[90;1m.[39;22m[90;1m.[39;22m[90;1m.[39;22m[90;1m.[39;22m[90;1m.[39;22m[90;1m.[39;22m[90;1m.[39;22m[90;1m.[39;22m[90;1m.[39;22m[90;1m.[39;22m[90;1m.[39;22m[90;1m.[39;22m[90;1m.[39;22m[90;1m.[39;22m[90;1m.[39;22m[90;1m.[39;22m[90;1m.[39;22m[90;1m.[39;22m[90;1m.[39;22m[90;1m.[39;22m[90;1m.[39;22m[90;1m.[39;22m[90;1m.[39;22m[90;1m.[39;22m[90;1m.[39;22m[90;1m.[39;22m[90;1m.[39;22m[90;1m.[39;22m
  [90;1m.[39;22m[90;1m.[39;22m[90;1m.[39;22m[90;1m.[39;22m[90;1m.[39;22m[90;1m.[39;22m[90;1m.[39;22m[90;1m.[39;22m[90;1m.[39;22m[90;1m.[39;22m[90;1m.[39;22m[90;1m.[39;22m[90;1m.[39;22m[90;1m.[39;22m[90;1m.[39;22m[90;1m.[39;22m[90;1m.[39;22m[90;1m.[39;22m[90;1m.[39;22m[90;1m.[39;22m[90;1m.[39;22m[90;1m.[39;22m[90;1m.[39;22m[90;1m.[39;22m[90;1m.[39;22m[90;1m.[39;22m[90;1m.[39;22m[90;1m.[39;22m[90;1m.[39;22m[90;1m.[39;22m[90;1m.[39;22m[90;1m.[39;22m[90;1m.[39;22m[90;1m.[39;22m[90;1m.[39;22m[90;1m.[39;22m[90;1m.[39;22m[90;1m.[39;22m[90;1m.[39;22m[90;1m.[39;22m[90;1m.[39;22m[90;1m.[39;22m[90;1m.[39;22m[90;1m.[39;22m[90;1m.[39;22m[90;1m.[39;22m[90;1m.[39;22m[90;1m.[39;22m[90;1m.[39;22m[90;1m.[39;22m[90;1m.[39;22m[90;1m.[39;22m[90;1m.[39;22m[90;1m.[39;22m

  [90mTests:[39m    [33;1m145 skipped[39;22m[90m,[39m[39m [39m[32;1m897 passed[39;22m[90m (6006 assertions)[39m
  [90mDuration:[39m [39m73.22s[39m

[1A  [90mParallel:[39m [39m22 processes[39m


   WARN  No code coverage driver is available.

